// Jest Snapshot v1, https://goo.gl/fbAQLP

exports[`Test ActivateAccount Shallow Should match the snapshot 1`] = `
<h1
  className="activate-account__title"
>
  We are activating your account
</h1>
`;
